
  .   ____          _            __ _ _
 /\\ / ___'_ __ _ _(_)_ __  __ _ \ \ \ \
( ( )\___ | '_ | '_| | '_ \/ _` | \ \ \ \
 \\/  ___)| |_)| | | | | || (_| |  ) ) ) )
  '  |____| .__|_| |_|_| |_\__, | / / / /
 =========|_|==============|___/=/_/_/_/
 :: Spring Boot ::                (v3.0.6)

2026-08-12T14:42:38.544-07:00  INFO 25892 --- [           main] com.example.demo.DemoApplication         : Starting DemoApplication using Java 26.0.2 with PID 25892 (/Users/jai.karvir/Desktop/TRD/HarnessDemo/SpringBoot_CRUD_Postgre_Tutorial/target/classes started by jai.karvir in /Users/jai.karvir/Desktop/TRD/HarnessDemo/SpringBoot_CRUD_Postgre_Tutorial)
2026-08-12T14:42:38.546-07:00  INFO 25892 --- [           main] com.example.demo.DemoApplication         : No active profile set, falling back to 1 default profile: "default"
2026-08-12T14:42:39.024-07:00  INFO 25892 --- [           main] .s.d.r.c.RepositoryConfigurationDelegate : Bootstrapping Spring Data JPA repositories in DEFAULT mode.
2026-08-12T14:42:39.071-07:00  INFO 25892 --- [           main] .s.d.r.c.RepositoryConfigurationDelegate : Finished Spring Data repository scanning in 39 ms. Found 1 JPA repository interfaces.
WARNING: A restricted method in java.lang.System has been called
WARNING: java.lang.System::load has been called by org.apache.tomcat.jni.Library in an unnamed module (file:/Users/jai.karvir/.m2/repository/org/apache/tomcat/embed/tomcat-embed-core/10.1.8/tomcat-embed-core-10.1.8.jar)
WARNING: Use --enable-native-access=ALL-UNNAMED to avoid a warning for callers in this module
WARNING: Restricted methods will be blocked in a future release unless native access is enabled

2026-08-12T14:42:39.547-07:00  INFO 25892 --- [           main] o.s.b.w.embedded.tomcat.TomcatWebServer  : Tomcat initialized with port(s): 8080 (http)
2026-08-12T14:42:39.556-07:00  INFO 25892 --- [           main] o.apache.catalina.core.StandardService   : Starting service [Tomcat]
2026-08-12T14:42:39.556-07:00  INFO 25892 --- [           main] o.apache.catalina.core.StandardEngine    : Starting Servlet engine: [Apache Tomcat/10.1.8]
2026-08-12T14:42:39.635-07:00  INFO 25892 --- [           main] o.a.c.c.C.[Tomcat].[localhost].[/]       : Initializing Spring embedded WebApplicationContext
2026-08-12T14:42:39.635-07:00  INFO 25892 --- [           main] w.s.c.ServletWebServerApplicationContext : Root WebApplicationContext: initialization completed in 1047 ms
2026-08-12T14:42:39.772-07:00  INFO 25892 --- [           main] o.hibernate.jpa.internal.util.LogHelper  : HHH000204: Processing PersistenceUnitInfo [name: default]
2026-08-12T14:42:39.843-07:00  INFO 25892 --- [           main] org.hibernate.Version                    : HHH000412: Hibernate ORM core version 6.1.7.Final
2026-08-12T14:42:40.119-07:00  INFO 25892 --- [           main] com.zaxxer.hikari.HikariDataSource       : HikariPool-1 - Starting...
2026-08-12T14:42:40.220-07:00  INFO 25892 --- [           main] com.zaxxer.hikari.pool.HikariPool        : HikariPool-1 - Added connection org.postgresql.jdbc.PgConnection@781aff8b
2026-08-12T14:42:40.221-07:00  INFO 25892 --- [           main] com.zaxxer.hikari.HikariDataSource       : HikariPool-1 - Start completed.
2026-08-12T14:42:40.253-07:00  INFO 25892 --- [           main] SQL dialect                              : HHH000400: Using dialect: org.hibernate.dialect.PostgreSQLDialect
Hibernate: 
    
    drop table if exists student cascade
2026-08-12T14:42:40.899-07:00  WARN 25892 --- [           main] o.h.engine.jdbc.spi.SqlExceptionHelper   : SQL Warning Code: 0, SQLState: 00000
2026-08-12T14:42:40.900-07:00  WARN 25892 --- [           main] o.h.engine.jdbc.spi.SqlExceptionHelper   : table "student" does not exist, skipping
Hibernate: 
    
    drop sequence if exists student_sequence
2026-08-12T14:42:40.900-07:00  WARN 25892 --- [           main] o.h.engine.jdbc.spi.SqlExceptionHelper   : SQL Warning Code: 0, SQLState: 00000
2026-08-12T14:42:40.900-07:00  WARN 25892 --- [           main] o.h.engine.jdbc.spi.SqlExceptionHelper   : sequence "student_sequence" does not exist, skipping
Hibernate: create sequence student_sequence start with 1 increment by 1
Hibernate: 
    
    create table student (
       id bigint not null,
        dob date,
        email varchar(255),
        name varchar(255),
        primary key (id)
    )
2026-08-12T14:42:40.924-07:00  INFO 25892 --- [           main] o.h.e.t.j.p.i.JtaPlatformInitiator       : HHH000490: Using JtaPlatform implementation: [org.hibernate.engine.transaction.jta.platform.internal.NoJtaPlatform]
2026-08-12T14:42:40.932-07:00  INFO 25892 --- [           main] j.LocalContainerEntityManagerFactoryBean : Initialized JPA EntityManagerFactory for persistence unit 'default'
2026-08-12T14:42:41.391-07:00  WARN 25892 --- [           main] JpaBaseConfiguration$JpaWebConfiguration : spring.jpa.open-in-view is enabled by default. Therefore, database queries may be performed during view rendering. Explicitly configure spring.jpa.open-in-view to disable this warning
2026-08-12T14:42:41.623-07:00  INFO 25892 --- [           main] o.s.b.w.embedded.tomcat.TomcatWebServer  : Tomcat started on port(s): 8080 (http) with context path ''
2026-08-12T14:42:41.628-07:00  INFO 25892 --- [           main] com.example.demo.DemoApplication         : Started DemoApplication in 3.404 seconds (process running for 3.677)
Hibernate: 
    select
        nextval('student_sequence')
Hibernate: 
    select
        nextval('student_sequence')
Hibernate: 
    insert 
    into
        student
        (dob, email, name, id) 
    values
        (?, ?, ?, ?)
Hibernate: 
    insert 
    into
        student
        (dob, email, name, id) 
    values
        (?, ?, ?, ?)
2026-08-12T14:42:52.553-07:00  INFO 25892 --- [nio-8080-exec-1] o.a.c.c.C.[Tomcat].[localhost].[/]       : Initializing Spring DispatcherServlet 'dispatcherServlet'
2026-08-12T14:42:52.553-07:00  INFO 25892 --- [nio-8080-exec-1] o.s.web.servlet.DispatcherServlet        : Initializing Servlet 'dispatcherServlet'
2026-08-12T14:42:52.554-07:00  INFO 25892 --- [nio-8080-exec-1] o.s.web.servlet.DispatcherServlet        : Completed initialization in 1 ms
Hibernate: 
    select
        s1_0.id,
        s1_0.dob,
        s1_0.email,
        s1_0.name 
    from
        student s1_0
Hibernate: 
    select
        s1_0.id,
        s1_0.dob,
        s1_0.email,
        s1_0.name 
    from
        student s1_0 
    where
        s1_0.id=?
Hibernate: 
    select
        s1_0.id,
        s1_0.dob,
        s1_0.email,
        s1_0.name 
    from
        student s1_0 
    where
        s1_0.id=?
2026-08-12T14:42:52.791-07:00  WARN 25892 --- [nio-8080-exec-7] .w.s.m.s.DefaultHandlerExceptionResolver : Resolved [org.springframework.web.method.annotation.MethodArgumentTypeMismatchException: Failed to convert value of type 'java.lang.String' to required type 'java.lang.Long'; For input string: "abc"]
2026-08-12T14:43:20.966-07:00  INFO 25892 --- [ionShutdownHook] j.LocalContainerEntityManagerFactoryBean : Closing JPA EntityManagerFactory for persistence unit 'default'
2026-08-12T14:43:20.967-07:00  INFO 25892 --- [ionShutdownHook] .SchemaDropperImpl$DelayedDropActionImpl : HHH000477: Starting delayed evictData of schema as part of SessionFactory shut-down'
Hibernate: 
    
    drop table if exists student cascade
Hibernate: 
    
    drop sequence if exists student_sequence
2026-08-12T14:43:20.978-07:00  INFO 25892 --- [ionShutdownHook] com.zaxxer.hikari.HikariDataSource       : HikariPool-1 - Shutdown initiated...
2026-08-12T14:43:20.980-07:00  INFO 25892 --- [ionShutdownHook] com.zaxxer.hikari.HikariDataSource       : HikariPool-1 - Shutdown completed.
[ERROR] Failed to execute goal org.springframework.boot:spring-boot-maven-plugin:3.0.6:run (default-cli) on project demo: Process terminated with exit code: 143 -> [Help 1]
[ERROR] 
[ERROR] To see the full stack trace of the errors, re-run Maven with the -e switch.
[ERROR] Re-run Maven using the -X switch to enable full debug logging.
[ERROR] 
[ERROR] For more information about the errors and possible solutions, please read the following articles:
[ERROR] [Help 1] http://cwiki.apache.org/confluence/display/MAVEN/MojoExecutionException
